# docker_container.nginx:
resource "docker_container" "nginx" {
    attach                                      = false
    bridge                                      = [90mnull[0m[0m
    command                                     = [
        "nginx",
        "-g",
        "daemon off;",
    ]
    container_read_refresh_timeout_milliseconds = 15000
    cpu_set                                     = [90mnull[0m[0m
    cpu_shares                                  = 0
    domainname                                  = [90mnull[0m[0m
    entrypoint                                  = [
        "/docker-entrypoint.sh",
    ]
    env                                         = []
    hostname                                    = "326c520f4caa"
    id                                          = "326c520f4caa17255f0e14ce2ec4cfac35f2dc5773a9959f239af03b8adeeb2c"
    image                                       = "sha256:abe47724e466aeab9a345d8e46a221c2fa8953c7848bb4a3bd9976a7199f8cf2"
    init                                        = false
    ipc_mode                                    = "private"
    log_driver                                  = "json-file"
    logs                                        = false
    max_retry_count                             = 0
    memory                                      = 0
    memory_reservation                          = 0
    memory_swap                                 = 0
    must_run                                    = true
    name                                        = "terraform-nginx"
    network_data                                = [
        {
            gateway                   = "172.17.0.1"
            global_ipv6_address       = [90mnull[0m[0m
            global_ipv6_prefix_length = 0
            ip_address                = "172.17.0.2"
            ip_prefix_length          = 16
            ipv6_gateway              = [90mnull[0m[0m
            mac_address               = "56:55:62:94:7a:92"
            network_name              = "bridge"
        },
    ]
    network_mode                                = "bridge"
    pid_mode                                    = [90mnull[0m[0m
    privileged                                  = false
    publish_all_ports                           = false
    read_only                                   = false
    remove_volumes                              = true
    restart                                     = "no"
    rm                                          = false
    runtime                                     = "runc"
    security_opts                               = []
    shm_size                                    = 64
    start                                       = true
    stdin_open                                  = false
    stop_signal                                 = "SIGQUIT"
    stop_timeout                                = 0
    tty                                         = false
    user                                        = [90mnull[0m[0m
    userns_mode                                 = [90mnull[0m[0m
    wait                                        = false
    wait_timeout                                = 60
    working_dir                                 = [90mnull[0m[0m

    ports {
        external = 8080
        internal = 80
        ip       = "0.0.0.0"
        protocol = "tcp"
    }
}
